starting: MP0015_D01
Skipping MP0015_D01 as it is already in the dataframe
starting: MP0020_D01
Skipping MP0020_D01 as it is already in the dataframe
starting: MP0020_D03
Skipping MP0020_D03 as it is already in the dataframe
starting: MP0020_D02
Skipping MP0020_D02 as it is already in the dataframe
starting: MP0004_D02

Failed to retrieve ieeg.org data, trying again (attempt 2)
Failed to retrieve ieeg.org data, trying again (attempt 2)
Failed to retrieve ieeg.org data, trying again (attempt 2)
Failed to retrieve ieeg.org data, trying again (attempt 2)
Failed to retrieve ieeg.org data, trying again (attempt 2)
Failed to retrieve ieeg.org data, trying again (attempt 2)
Failed to retrieve ieeg.org data, trying again (attempt 2)
Failed to retrieve ieeg.org data, trying again (attempt 2)
Failed to retrieve ieeg.org data, trying again (attempt 2)
Failed to retrieve ieeg.org data, trying again (attempt 2)
Failed to retrieve ieeg.org data, trying again (attempt 3)

Failed to retrieve ieeg.org data, trying again (attempt 2)
Failed to retrieve ieeg.org data, trying again (attempt 2)
Failed to retrieve ieeg.org data, trying again (attempt 2)
Failed to retrieve ieeg.org data, trying again (attempt 2)
Failed to retrieve ieeg.org data, trying again (attempt 2)
Failed to retrieve ieeg.org data, trying again (attempt 2)
starting: MP0004_D01


starting: MP0013_D01
starting: MP0018_D01




Failed to retrieve ieeg.org data, trying again (attempt 2)
Failed to retrieve ieeg.org data, trying again (attempt 3)
Failed to retrieve ieeg.org data, trying again (attempt 2)


starting: MP0019_D01
Failed to retrieve ieeg.org data, trying again (attempt 2)
Failed to retrieve ieeg.org data, trying again (attempt 2)
Failed to retrieve ieeg.org data, trying again (attempt 2)


starting: 3T_MP0028
Failed to retrieve ieeg.org data, trying again (attempt 2)
Failed to retrieve ieeg.org data, trying again (attempt 2)
Failed to retrieve ieeg.org data, trying again (attempt 2)




Failed to retrieve ieeg.org data, trying again (attempt 2)
Failed to retrieve ieeg.org data, trying again (attempt 2)
Failed to retrieve ieeg.org data, trying again (attempt 2)
Failed to retrieve ieeg.org data, trying again (attempt 2)

Failed to retrieve ieeg.org data, trying again (attempt 2)
Failed to retrieve ieeg.org data, trying again (attempt 2)
Failed to retrieve ieeg.org data, trying again (attempt 3)
Failed to retrieve ieeg.org data, trying again (attempt 4)
Failed to retrieve ieeg.org data, trying again (attempt 2)
Failed to retrieve ieeg.org data, trying again (attempt 3)
Failed to retrieve ieeg.org data, trying again (attempt 4)
Failed to retrieve ieeg.org data, trying again (attempt 2)
Failed to retrieve ieeg.org data, trying again (attempt 3)
Failed to retrieve ieeg.org data, trying again (attempt 4)
Failed to retrieve ieeg.org data, trying again (attempt 2)
Failed to retrieve ieeg.org data, trying again (attempt 3)
Failed to retrieve ieeg.org data, trying again (attempt 4)
Failed to retrieve ieeg.org data, trying again (attempt 2)
Failed to retrieve ieeg.org data, trying again (attempt 3)
Failed to retrieve ieeg.org data, trying again (attempt 4)
Failed to retrieve ieeg.org data, trying again (attempt 2)
Failed to retrieve ieeg.org data, trying again (attempt 3)
Failed to retrieve ieeg.org data, trying again (attempt 4)
Failed to retrieve ieeg.org data, trying again (attempt 2)
Failed to retrieve ieeg.org data, trying again (attempt 3)
Failed to retrieve ieeg.org data, trying again (attempt 4)
Failed to retrieve ieeg.org data, trying again (attempt 2)
Failed to retrieve ieeg.org data, trying again (attempt 3)
Failed to retrieve ieeg.org data, trying again (attempt 4)





Failed to retrieve ieeg.org data, trying again (attempt 2)
Failed to retrieve ieeg.org data, trying again (attempt 2)
Failed to retrieve ieeg.org data, trying again (attempt 3)
Failed to retrieve ieeg.org data, trying again (attempt 4)
Failed to retrieve ieeg.org data, trying again (attempt 2)
Failed to retrieve ieeg.org data, trying again (attempt 2)
Failed to retrieve ieeg.org data, trying again (attempt 3)
Failed to retrieve ieeg.org data, trying again (attempt 4)
Failed to retrieve ieeg.org data, trying again (attempt 2)
Failed to retrieve ieeg.org data, trying again (attempt 3)
Failed to retrieve ieeg.org data, trying again (attempt 4)
Failed to retrieve ieeg.org data, trying again (attempt 2)
Failed to retrieve ieeg.org data, trying again (attempt 3)
Failed to retrieve ieeg.org data, trying again (attempt 4)
starting: 3T_MP0035
Failed to retrieve ieeg.org data, trying again (attempt 2)
Failed to retrieve ieeg.org data, trying again (attempt 3)
Failed to retrieve ieeg.org data, trying again (attempt 4)
starting: MP0011_D01

Failed to retrieve ieeg.org data, trying again (attempt 2)
Failed to retrieve ieeg.org data, trying again (attempt 3)












Failed to retrieve ieeg.org data, trying again (attempt 2)
Failed to retrieve ieeg.org data, trying again (attempt 3)
Failed to retrieve ieeg.org data, trying again (attempt 4)
starting: MP0022_D01
starting: 3T_MP0036
starting: 3T_MP0038_D02
starting: 3T_MP0038_D04
starting: 3T_MP0038_D03
starting: 3T_MP0038_D01
starting: 3T_MP0040_D05
starting: 3T_MP0040_D06
starting: 3T_MP0040_D03
starting: 3T_MP0040_D02
starting: 3T_MP0040_D04
starting: 3T_MP0040_D07
starting: 3T_MP0044_D01
starting: 3T_MP0044_D02
starting: 3T_MP0045_D03
starting: 3T_MP0045_D02
Failed to retrieve ieeg.org data, trying again (attempt 2)
Failed to retrieve ieeg.org data, trying again (attempt 2)
Failed to retrieve ieeg.org data, trying again (attempt 2)
starting: 3T_MP0045_D01
starting: MP0001_D01
starting: MP0003
starting: MP0006_D01
Failed to retrieve ieeg.org data, trying again (attempt 2)
Failed to retrieve ieeg.org data, trying again (attempt 2)
Failed to retrieve ieeg.org data, trying again (attempt 3)
Failed to retrieve ieeg.org data, trying again (attempt 2)
Failed to retrieve ieeg.org data, trying again (attempt 2)
Failed to retrieve ieeg.org data, trying again (attempt 2)
starting: MP0010_D01
Failed to retrieve ieeg.org data, trying again (attempt 2)
Failed to retrieve ieeg.org data, trying again (attempt 2)
Failed to retrieve ieeg.org data, trying again (attempt 2)
Failed to retrieve ieeg.org data, trying again (attempt 2)
Failed to retrieve ieeg.org data, trying again (attempt 2)
Failed to retrieve ieeg.org data, trying again (attempt 2)
starting: MP0014_D01
starting: 3T_MP0026
starting: 3T_MP0027
Failed to retrieve ieeg.org data, trying again (attempt 2)
Failed to retrieve ieeg.org data, trying again (attempt 2)
starting: 3T_MP0031
Failed to retrieve ieeg.org data, trying again (attempt 2)
Failed to retrieve ieeg.org data, trying again (attempt 2)
Failed to retrieve ieeg.org data, trying again (attempt 2)
Failed to retrieve ieeg.org data, trying again (attempt 2)
Failed to retrieve ieeg.org data, trying again (attempt 2)
Failed to retrieve ieeg.org data, trying again (attempt 3)
Failed to retrieve ieeg.org data, trying again (attempt 2)
Failed to retrieve ieeg.org data, trying again (attempt 2)
Failed to retrieve ieeg.org data, trying again (attempt 3)
Failed to retrieve ieeg.org data, trying again (attempt 2)
Failed to retrieve ieeg.org data, trying again (attempt 2)
Failed to retrieve ieeg.org data, trying again (attempt 2)
Failed to retrieve ieeg.org data, trying again (attempt 2)
Failed to retrieve ieeg.org data, trying again (attempt 3)
Failed to retrieve ieeg.org data, trying again (attempt 2)
Failed to retrieve ieeg.org data, trying again (attempt 2)
Failed to retrieve ieeg.org data, trying again (attempt 2)
Failed to retrieve ieeg.org data, trying again (attempt 3)
Failed to retrieve ieeg.org data, trying again (attempt 2)
Failed to retrieve ieeg.org data, trying again (attempt 2)
Failed to retrieve ieeg.org data, trying again (attempt 2)
Failed to retrieve ieeg.org data, trying again (attempt 2)
Failed to retrieve ieeg.org data, trying again (attempt 3)
Failed to retrieve ieeg.org data, trying again (attempt 2)
Failed to retrieve ieeg.org data, trying again (attempt 2)
Failed to retrieve ieeg.org data, trying again (attempt 2)
Failed to retrieve ieeg.org data, trying again (attempt 2)
Failed to retrieve ieeg.org data, trying again (attempt 2)
Failed to retrieve ieeg.org data, trying again (attempt 2)
Failed to retrieve ieeg.org data, trying again (attempt 2)
Failed to retrieve ieeg.org data, trying again (attempt 2)
Failed to retrieve ieeg.org data, trying again (attempt 2)
Failed to retrieve ieeg.org data, trying again (attempt 2)
starting: 3T_MP0037_D02
starting: 3T_MP0037_D01
starting: 3T_MP0042_D02
starting: 3T_MP0042_D03
starting: 3T_MP0043_D03
Failed to retrieve ieeg.org data, trying again (attempt 2)
Failed to retrieve ieeg.org data, trying again (attempt 2)
Failed to retrieve ieeg.org data, trying again (attempt 2)
Failed to retrieve ieeg.org data, trying again (attempt 2)
Failed to retrieve ieeg.org data, trying again (attempt 3)
Failed to retrieve ieeg.org data, trying again (attempt 2)
Failed to retrieve ieeg.org data, trying again (attempt 2)
Failed to retrieve ieeg.org data, trying again (attempt 3)
Failed to retrieve ieeg.org data, trying again (attempt 2)
Failed to retrieve ieeg.org data, trying again (attempt 2)
Failed to retrieve ieeg.org data, trying again (attempt 2)
Failed to retrieve ieeg.org data, trying again (attempt 3)
Failed to retrieve ieeg.org data, trying again (attempt 2)
Failed to retrieve ieeg.org data, trying again (attempt 2)
Failed to retrieve ieeg.org data, trying again (attempt 2)
Failed to retrieve ieeg.org data, trying again (attempt 2)
Failed to retrieve ieeg.org data, trying again (attempt 2)
Failed to retrieve ieeg.org data, trying again (attempt 3)
Failed to retrieve ieeg.org data, trying again (attempt 2)
Failed to retrieve ieeg.org data, trying again (attempt 2)
Failed to retrieve ieeg.org data, trying again (attempt 3)
Failed to retrieve ieeg.org data, trying again (attempt 2)
Failed to retrieve ieeg.org data, trying again (attempt 2)
Failed to retrieve ieeg.org data, trying again (attempt 3)
Failed to retrieve ieeg.org data, trying again (attempt 2)
Failed to retrieve ieeg.org data, trying again (attempt 2)
Failed to retrieve ieeg.org data, trying again (attempt 3)
Failed to retrieve ieeg.org data, trying again (attempt 2)
Failed to retrieve ieeg.org data, trying again (attempt 2)
Failed to retrieve ieeg.org data, trying again (attempt 2)
Failed to retrieve ieeg.org data, trying again (attempt 2)
Failed to retrieve ieeg.org data, trying again (attempt 2)
Failed to retrieve ieeg.org data, trying again (attempt 2)
Failed to retrieve ieeg.org data, trying again (attempt 2)
Failed to retrieve ieeg.org data, trying again (attempt 2)
Failed to retrieve ieeg.org data, trying again (attempt 3)
starting: 3T_MP0043_D02



Failed to retrieve ieeg.org data, trying again (attempt 2)
Failed to retrieve ieeg.org data, trying again (attempt 2)
Failed to retrieve ieeg.org data, trying again (attempt 2)
Failed to retrieve ieeg.org data, trying again (attempt 2)
Failed to retrieve ieeg.org data, trying again (attempt 2)



Failed to retrieve ieeg.org data, trying again (attempt 2)
Failed to retrieve ieeg.org data, trying again (attempt 3)
Failed to retrieve ieeg.org data, trying again (attempt 2)
starting: 3T_MP0043_D01
