starting: HUP126_phaseII_D02
Skipping HUP126_phaseII_D02 as it is already in the dataframe
starting: HUP133_phaseII
Skipping HUP133_phaseII as it is already in the dataframe
starting: HUP138_phaseII
Skipping HUP138_phaseII as it is already in the dataframe
starting: HUP140_phaseII_D02
Skipping HUP140_phaseII_D02 as it is already in the dataframe
starting: HUP142_phaseII
Skipping HUP142_phaseII as it is already in the dataframe
starting: HUP162_phaseII
Skipping HUP162_phaseII as it is already in the dataframe
starting: HUP163_phaseII
Skipping HUP163_phaseII as it is already in the dataframe
starting: HUP164_phaseII
starting: HUP181_phaseII_D01
starting: HUP185_phaseII
starting: HUP190_phaseII
Failed to retrieve ieeg.org data, trying again (attempt 2)
Failed to retrieve ieeg.org data, trying again (attempt 2)
Failed to retrieve ieeg.org data, trying again (attempt 2)
starting: HUP202_phaseII
starting: HUP204_phaseII
starting: HUP223_phaseII
starting: HUP135_phaseII
starting: HUP141_phaseII
starting: HUP187_phaseII
starting: HUP219_phaseII
starting: HUP221_phaseII
starting: HUP218_phaseII_D01
starting: HUP127_phaseII
starting: HUP165_phaseII
starting: HUP191_phaseII
starting: HUP192_phaseII
starting: HUP199_phaseII
starting: HUP205_phaseII
starting: HUP224_phaseII
starting: HUP128_phaseII_D02
starting: HUP130_phaseII
starting: HUP131_phaseII
starting: HUP139_phaseII
starting: HUP157_phaseII
starting: HUP166_phaseII
starting: HUP171_phaseII
starting: HUP172_phaseII
starting: HUP174_phaseII
starting: HUP179_phaseII_D01
starting: HUP180_phaseII
starting: HUP184_phaseII
starting: HUP186_phaseII
starting: HUP188_phaseII
starting: HUP189_phaseII
starting: HUP197_phaseII_D02
starting: HUP207_phaseII
starting: HUP209_phaseII_D01
starting: HUP215_phaseII_D01
starting: HUP215_phaseII_D02
starting: HUP75_phaseII
starting: HUP78_phaseII
starting: HUP80_phaseII
starting: HUP84_phaseII
starting: HUP86_phaseII
starting: HUP134_phaseII_D01
starting: HUP145_phaseII
starting: HUP146_phaseII
starting: HUP150_phaseII
starting: HUP151_phaseII
starting: HUP158_phaseII
starting: HUP161_phaseII
starting: HUP170_phaseII
starting: HUP177_phaseII
starting: HUP178_phaseII
starting: HUP196_phaseII
starting: HUP225_phaseII
starting: HUP82_phaseII
starting: HUP153_phaseII_D01
starting: HUP156_phaseII_D01
starting: HUP169_phaseII
starting: HUP211_phaseII
starting: HUP096_phaseII
