Log file created at: /mnt/leif/littlab/users/aguilac/Interictal_Spike_Analysis/HUMAN/working_feat_extract_code/5-propagation/ML_results/LR_elastic/logistic_regression_results_20240919_111447.log

Results for Combined:
AUC: 0.823 (95% CI: 0.694 - 0.928)

Feature Importance for Combined:
                           Feature  Importance
0                  spike_rate_corr    1.226781
9                      correlation    0.606703
1                    rise_amp_corr    0.247104
3                   sharpness_corr    0.114956
2                   decay_amp_corr    0.086699
5  recruitment_latency_thresh_corr    0.040117
6                 spike_width_corr    0.029903
7                  slow_width_corr    0.010182
4                     linelen_corr    0.009057
8                    slow_amp_corr    0.003075

Results for Interictal:
AUC: 0.753 (95% CI: 0.595 - 0.886)

Feature Importance for Interictal:
                           Feature  Importance
0                  spike_rate_corr    1.270427
6                 spike_width_corr    0.032899
1                    rise_amp_corr    0.024090
7                  slow_width_corr    0.014522
3                   sharpness_corr    0.014407
5  recruitment_latency_thresh_corr    0.005436
4                     linelen_corr    0.000842
2                   decay_amp_corr    0.000506
8                    slow_amp_corr    0.000000

Results for Ictal:
AUC: 0.697 (95% CI: 0.550 - 0.837)

Feature Importance for Ictal:
       Feature  Importance
0  correlation    0.491668
