Log file created at: /mnt/sauce/littlab/users/aguilac/Interictal_Spike_Analysis/HUMAN/working_feat_extract_code/5-propagation/Revisions/ML_results/LR_elastic_spike_rate_only/logistic_regression_results_20250203_144224.log

Results for Combined:
AUC: 0.823 (95% CI: 0.694 - 0.927)

Feature Importance for Combined:
                           Feature  Importance
0                  spike_rate_corr    1.227117
9                      correlation    0.606585
1                    rise_amp_corr    0.246788
3                   sharpness_corr    0.114957
2                   decay_amp_corr    0.086665
5  recruitment_latency_thresh_corr    0.040117
6                 spike_width_corr    0.029904
7                  slow_width_corr    0.010183
4                     linelen_corr    0.009043
8                    slow_amp_corr    0.003086

Precision-Recall Analysis for Combined:
Average Precision: 0.838

Results for Interictal:
AUC: 0.753 (95% CI: 0.602 - 0.884)

Feature Importance for Interictal:
                           Feature  Importance
0                  spike_rate_corr    1.270739
6                 spike_width_corr    0.032868
1                    rise_amp_corr    0.024053
7                  slow_width_corr    0.014517
3                   sharpness_corr    0.014225
5  recruitment_latency_thresh_corr    0.005426
4                     linelen_corr    0.000839
2                   decay_amp_corr    0.000507
8                    slow_amp_corr    0.000000

Precision-Recall Analysis for Interictal:
Average Precision: 0.751

Results for Ictal:
AUC: 0.697 (95% CI: 0.543 - 0.838)

Feature Importance for Ictal:
       Feature  Importance
0  correlation    0.492299

Precision-Recall Analysis for Ictal:
Average Precision: 0.685

Results for MTL Spike Rate:
AUC: 0.707 (95% CI: 0.582 - 0.821)

Feature Importance for MTL Spike Rate:
               Feature  Importance
0  spike_rate_two_mean    0.960341

Precision-Recall Analysis for MTL Spike Rate:
Average Precision: 0.841
